[
  [ "Here comes the sun", "The Beatles" ],
  [ "Sgt. Pepper's Lonely Hearts Club Band", "The Beatles" ],
  [ "Blackbird", "The Beatles" ],
  [ "Let it be", "The Beatles" ],
  [ "Something", "The Beatles" ],
  [ "Come together", "The Beatles" ],
  [ "Help!", "The Beatles" ],
  [ "In my life", "The Beatles" ],
  [ "Eleanor Rigby", "The Beatles" ],
  [ "With a little help from my friends", "The Beatles" ],
  [ "Lucy in the sky with diamonds", "The Beatles" ],
  [ "Yello Submarine", "The Beatles" ],
  [ "Hey Jude", "The Beatles" ],
  [ "While my guitar gently weeps", "The Beatles" ],
  [ "The Reflex", "Duran Duran" ],
  [ "A View To A Kill", "Duran Duran" ],
  [ "Hungry like the wolf", "Duran Duran" ],
  [ "Ordinary World", "Duran Duran" ],
  [ "Save A Prayer", "Duran Duran" ],
  [ "Immigrant Song", "Led Zeppelin" ],
  [ "Stairway To Heaven", "Led Zeppelin" ],
  [ "Whole Lotta Love", "Led Zeppelin" ],
  [ "Ramble On", "Led Zeppelin" ],
  [ "Good Times Bad Times", "Led Zeppelin" ],
  [ "Baba O'Riley", "The Who" ],
  [ "Behind Blue Eyes", "The Who" ],
  [ "My Generation", "The Who" ],
  [ "Pinball Wizard", "The Who" ],
  [ "Who Are You", "The Who" ],
  [ "Bohemian Rhapsody", "Queen" ],
  [ "Dont Stop Me Now", "Queen" ],
  [ "Another One Bites The Dust", "Queen" ],
  [ "Under Pressure", "Queen" ],
  [ "We Will Rock You", "Queen" ]
]