[
  [ "Here comes the sun", "Abbey Road" ],
  [ "Sgt. Pepper's Lonely Hearts Club Band", "Sgt. Pepper's Lonely Hearts Club Band" ],
  [ "Blackbird", "The White Album" ],
  [ "Let it be", "Let it be" ],
  [ "Something", "Abbey Road" ],
  [ "Come together", "Abbey Road" ],
  [ "Help!", "Help!" ],
  [ "In my life", "Abbey Road" ],
  [ "Eleanor Rigby", "Abbey Road" ],
  [ "With a little help from my friends", "Sgt. Pepper's Lonely Hearts Club Band" ],
  [ "Lucy in the sky with diamonds", "Sgt. Pepper's Lonely Hearts Club Band" ],
  [ "Yello Submarine", "Revolver" ],
  [ "Hey Jude", "Abbey Road" ],
  [ "While my guitar gently weeps", "The White Album" ],
  [ "The Reflex", "Seven And The Ragged Tiger" ],
  [ "A View To A Kill", "Decade" ],
  [ "Hungry like the wolf", "Decade" ],
  [ "Ordinary World", "The Wedding Album" ],
  [ "Save A Prayer", "Greatest" ],
  [ "Immigrant Song", "Led Zeppelin III" ],
  [ "Stairway To Heaven", "Led Zeppelin IV" ],
  [ "Whole Lotta Love", "Led Zeppelin II" ],
  [ "Ramble On", "Led Zeppelin II" ],
  [ "Good Times Bad Times", "Led Zeppelin" ],
  [ "Baba O'Riley", "Whos Next" ],
  [ "Behind Blue Eyes", "Whos Next" ],
  [ "My Generation", "My Generation" ],
  [ "Pinball Wizard", "Tommy" ],
  [ "Who Are You", "Who Are You" ],
  [ "Bohemian Rhapsody", "A Night At The Opera" ],
  [ "Dont Stop Me Now", "Jazz" ],
  [ "Another One Bites The Dust", "The Game" ],
  [ "Under Pressure", "Hot Space" ],
  [ "We Will Rock You", "News Of The World" ]
]